// Jest Snapshot v1, https://goo.gl/fbAQLP

exports[`<TrashIcon /> should render TrashIcon 1`] = `
<View
  style={
    {
      "flex": 1,
    }
  }
>
  <RNSVGSvgView
    accessibilityElementsHidden={true}
    align="xMidYMid"
    bbHeight="20px"
    bbWidth="20px"
    data-blade-component="icon"
    fill="none"
    focusable={false}
    height="20px"
    importantForAccessibility="no-hide-descendants"
    meetOrSlice={0}
    minX={0}
    minY={0}
    style={
      [
        {
          "backgroundColor": "transparent",
          "borderWidth": 0,
        },
        [
          {},
        ],
        {
          "flex": 0,
          "height": 20,
          "width": 20,
        },
      ]
    }
    vbHeight={24}
    vbWidth={24}
    width="20px"
  >
    <RNSVGGroup
      fill={null}
      propList={
        [
          "fill",
        ]
      }
    >
      <RNSVGPath
        d="M10 10a1 1 0 0 1 1 1v6a1 1 0 1 1-2 0v-6a1 1 0 0 1 1-1ZM15 11a1 1 0 1 0-2 0v6a1 1 0 1 0 2 0v-6Z"
        fill={
          {
            "payload": 4280563015,
            "type": 0,
          }
        }
        propList={
          [
            "fill",
          ]
        }
      />
      <RNSVGPath
        clipRule={0}
        d="M7 5V4a3 3 0 0 1 3-3h4a3 3 0 0 1 3 3v1h4a1 1 0 1 1 0 2h-1v13a3 3 0 0 1-3 3H7a3 3 0 0 1-3-3V7H3a1 1 0 0 1 0-2h4Zm2-1a1 1 0 0 1 1-1h4a1 1 0 0 1 1 1v1H9V4Zm9 3v13a1 1 0 0 1-1 1H7a1 1 0 0 1-1-1V7h12Z"
        fill={
          {
            "payload": 4280563015,
            "type": 0,
          }
        }
        fillRule={0}
        propList={
          [
            "fill",
            "fillRule",
          ]
        }
      />
    </RNSVGGroup>
  </RNSVGSvgView>
</View>
`;
