// Jest Snapshot v1, https://goo.gl/fbAQLP

exports[`<PlusIcon /> should render PlusIcon 1`] = `
<View
  style={
    {
      "flex": 1,
    }
  }
>
  <RNSVGSvgView
    accessibilityElementsHidden={true}
    align="xMidYMid"
    bbHeight="20px"
    bbWidth="20px"
    data-blade-component="icon"
    fill="none"
    focusable={false}
    height="20px"
    importantForAccessibility="no-hide-descendants"
    meetOrSlice={0}
    minX={0}
    minY={0}
    style={
      [
        {
          "backgroundColor": "transparent",
          "borderWidth": 0,
        },
        [
          {},
        ],
        {
          "flex": 0,
          "height": 20,
          "width": 20,
        },
      ]
    }
    vbHeight={24}
    vbWidth={24}
    width="20px"
  >
    <RNSVGGroup
      fill={null}
      propList={
        [
          "fill",
        ]
      }
    >
      <RNSVGPath
        d="M13 5a1 1 0 1 0-2 0v6H5a1 1 0 1 0 0 2h6v6a1 1 0 1 0 2 0v-6h6a1 1 0 1 0 0-2h-6V5Z"
        fill={
          {
            "payload": 4280563015,
            "type": 0,
          }
        }
        propList={
          [
            "fill",
          ]
        }
      />
    </RNSVGGroup>
  </RNSVGSvgView>
</View>
`;
