// Jest Snapshot v1, https://goo.gl/fbAQLP

exports[`<UploadCloudIcon /> should render UploadCloudIcon 1`] = `
<View
  style={
    {
      "flex": 1,
    }
  }
>
  <RNSVGSvgView
    accessibilityElementsHidden={true}
    align="xMidYMid"
    bbHeight="20px"
    bbWidth="20px"
    data-blade-component="icon"
    fill="none"
    focusable={false}
    height="20px"
    importantForAccessibility="no-hide-descendants"
    meetOrSlice={0}
    minX={0}
    minY={0}
    style={
      [
        {
          "backgroundColor": "transparent",
          "borderWidth": 0,
        },
        [
          {},
        ],
        {
          "flex": 0,
          "height": 20,
          "width": 20,
        },
      ]
    }
    vbHeight={24}
    vbWidth={24}
    width="20px"
  >
    <RNSVGGroup
      fill={null}
      propList={
        [
          "fill",
        ]
      }
    >
      <RNSVGGroup
        clipPath="clip0_60_143"
        fill={
          {
            "payload": 4278190080,
            "type": 0,
          }
        }
      >
        <RNSVGPath
          d="M1.01328 6.84348C2.73489 3.53956 6.31417 1.63791 10.0157 2.06055C13.4557 2.45333 16.3404 4.77817 17.4793 7.99999H18C20.7422 8.0018 23.1349 9.86253 23.8113 12.52C24.4877 15.1775 23.2764 17.9554 20.8687 19.268C20.3838 19.5323 19.7764 19.3536 19.512 18.8687C19.2477 18.3837 19.4265 17.7763 19.9114 17.512C21.5165 16.6369 22.3241 14.785 21.8731 13.0133C21.4222 11.2417 19.8275 10.0012 17.9994 9.99999H16.74C16.2841 9.99999 15.886 9.69167 15.7719 9.2503C15.0466 6.44488 12.6677 4.37635 9.78879 4.04764C6.90984 3.71892 4.12596 5.19798 2.78693 7.76769C1.4479 10.3374 1.83056 13.4665 3.74936 15.6378C4.11508 16.0516 4.07607 16.6836 3.66222 17.0493C3.24838 17.415 2.61641 17.376 2.2507 16.9622C-0.216341 14.1705 -0.708325 10.1474 1.01328 6.84348Z"
          fill={
            {
              "payload": 4280563015,
              "type": 0,
            }
          }
          propList={
            [
              "fill",
            ]
          }
        />
        <RNSVGPath
          d="M12.7071 11.2929C12.3166 10.9024 11.6834 10.9024 11.2929 11.2929L7.29289 15.2929C6.90237 15.6834 6.90237 16.3166 7.29289 16.7071C7.68342 17.0976 8.31658 17.0976 8.70711 16.7071L11 14.4142V21C11 21.5523 11.4477 22 12 22C12.5523 22 13 21.5523 13 21V14.4142L15.2929 16.7071C15.6834 17.0976 16.3166 17.0976 16.7071 16.7071C17.0976 16.3166 17.0976 15.6834 16.7071 15.2929L12.7071 11.2929Z"
          fill={
            {
              "payload": 4280563015,
              "type": 0,
            }
          }
          propList={
            [
              "fill",
            ]
          }
        />
      </RNSVGGroup>
      <RNSVGDefs>
        <RNSVGClipPath
          fill={
            {
              "payload": 4278190080,
              "type": 0,
            }
          }
          name="clip0_60_143"
        >
          <RNSVGRect
            fill={
              {
                "payload": 4280563015,
                "type": 0,
              }
            }
            height="24"
            propList={
              [
                "fill",
              ]
            }
            width="24"
            x={0}
            y={0}
          />
        </RNSVGClipPath>
      </RNSVGDefs>
    </RNSVGGroup>
  </RNSVGSvgView>
</View>
`;
