// Jest Snapshot v1, https://goo.gl/fbAQLP

exports[`<Box /> should render Box component with the correct styles 1`] = `
.c0 {
  display: -webkit-box;
  display: -webkit-flex;
  display: -ms-flexbox;
  display: flex;
  -webkit-align-items: center;
  -webkit-box-align: center;
  -ms-flex-align: center;
  align-items: center;
  -webkit-box-pack: center;
  -webkit-justify-content: center;
  -ms-flex-pack: center;
  justify-content: center;
  -webkit-align-self: center;
  -ms-flex-item-align: center;
  align-self: center;
  overflow: hidden;
  position: absolute;
  top: 0;
  right: 0;
  bottom: 0;
  left: 0;
  padding-top: 8px;
  padding-bottom: 12px;
  padding-left: 16px;
  padding-right: 20px;
  width: auto;
  height: auto;
  min-height: 48px;
  min-width: 48px;
  max-height: 56px;
  max-width: 56px;
  background: hotpink;
}

<div>
  <div
    class="c0"
    display="flex"
    height="auto"
    overflow="hidden"
    width="auto"
  />
</div>
`;
